TWarningBatchExternalProcedureCallsWithinBatch.java:52:13: compiler.warn.capsule.escape.inner.class: capBar, <anonymous TWarningBatchExternalProcedureCallsWithinBatch
1 warning