Escape.java:46:33: compiler.warn.capsule.escape.inner.class: escapee, <anonymous A
1 warning