TEscapeThroughAnonClass.java:53:33: compiler.warn.confinement.violation: escapeei, A, run()
1 warning