IncorrectWiring1.java:41:8: compiler.err.prob.found.req: java.lang.String, int
1 error
