NullCapsuleInWiring.java:36:7: compiler.err.capsule.null.declare
1 error
