TExtraSystemParams.java:24:43: compiler.err.system.argument.illegal
1 error
