TInvalidSystemInit.java:29:17: compiler.err.system.cannot.init.variable: c
1 error
