TInvalidSystemParam.java:24:28: compiler.err.prob.found.req: java.lang.String, java.lang.String[]
1 error
