TInvalidWiringBlock.java:27:9: compiler.err.expected: '{'
1 error
