TInvalidSystemInit.java:28:13: compiler.err.system.cannot.init.variable: c
1 error
