TInvalidSystemDecl.java:26:26: compiler.err.expected2: (, {
1 error
