error: Name of main capsule TMainCapsule should match the containing sourcefile name /Users/eylin/Documents/workspace/panc/test/tools/panc/panc-internals/TMainCapsuleNameMismatch.java
1 error